[askit.dextheme.net/shieldx/template-kit/home/index.html]
[backblue.gif]
[fade.gif]
[index.html]
[askit.dextheme.net/shieldx/wp-content/plugins/elementor/assets/css/frontend.mindb68.css]
[askit.dextheme.net/shieldx/wp-content/uploads/sites/18/elementor/css/post-3795add.css]
[askit.dextheme.net/shieldx/wp-content/uploads/sites/18/elementor/css/post-4065add.css]
[askit.dextheme.net/shieldx/wp-content/plugins/template-kit-export/assets/public/template-kit-export-public982a.css]
[askit.dextheme.net/shieldx/wp-content/plugins/metform/public/assets/lib/cute-alert/style657a.css]
[askit.dextheme.net/shieldx/wp-content/plugins/metform/public/assets/css/text-editor657a.css]
[askit.dextheme.net/shieldx/wp-content/themes/hello-elementor/style.min9b70.css]
[askit.dextheme.net/shieldx/wp-content/themes/hello-elementor/theme.min9b70.css]
[askit.dextheme.net/shieldx/wp-content/themes/hello-elementor/header-footer.min9b70.css]
[askit.dextheme.net/shieldx/wp-content/uploads/sites/18/elementor/css/post-35add.css]
[askit.dextheme.net/shieldx/wp-content/uploads/sites/18/elementor/css/post-5c475.css]
[askit.dextheme.net/shieldx/wp-content/plugins/elementskit-lite/widgets/init/assets/css/widget-styles7558.css]
[askit.dextheme.net/shieldx/wp-content/plugins/elementskit-lite/widgets/init/assets/css/responsive7558.css]
[askit.dextheme.net/shieldx/wp-content/plugins/elementskit-lite/modules/elementskit-icon-pack/assets/css/ekiticons7558.css]
[askit.dextheme.net/shieldx/wp-includes/js/jquery/jquery.minf43b.js]
[askit.dextheme.net/shieldx/wp-includes/js/jquery/jquery-migrate.min5589.js]
[askit.dextheme.net/shieldx/wp-content/uploads/sites/18/2024/07/Logo-Shieldx1.png]
[askit.dextheme.net/shieldx/wp-content/uploads/sites/18/2024/07/U8C4PJUb.png]
[askit.dextheme.net/shieldx/wp-content/uploads/sites/18/2024/07/U8C4PJUc.png]
[askit.dextheme.net/shieldx/wp-content/uploads/sites/18/2024/07/U8C4PJUd.png]
[askit.dextheme.net/shieldx/wp-content/uploads/sites/18/2024/07/U8C4PJUe.png]
[askit.dextheme.net/shieldx/wp-content/uploads/sites/18/2024/07/U8C4PJUf.png]
[askit.dextheme.net/shieldx/wp-content/uploads/sites/18/2024/07/U8C4PJUa.png]
[askit.dextheme.net/shieldx/wp-content/uploads/sites/18/2024/07/2DFFCYMa.jpg]
[askit.dextheme.net/shieldx/wp-content/uploads/sites/18/2024/07/Quote-Style-2.png]
[askit.dextheme.net/shieldx/wp-content/uploads/sites/18/2024/07/L4.png]
[askit.dextheme.net/shieldx/wp-content/uploads/sites/18/2024/07/logoipsum-287a.png]
[askit.dextheme.net/shieldx/wp-content/uploads/sites/18/2024/07/logoipsum-281a.png]
[askit.dextheme.net/shieldx/wp-content/uploads/sites/18/2024/07/logoipsum-285.png]
[askit.dextheme.net/shieldx/wp-content/uploads/sites/18/2024/07/L3.png]
[askit.dextheme.net/shieldx/wp-content/uploads/sites/18/2024/07/L7.png]
[askit.dextheme.net/shieldx/wp-content/uploads/sites/18/2024/07/logoipsum-286a.png]
[askit.dextheme.net/shieldx/wp-content/uploads/sites/18/2024/07/L12.png]
[askit.dextheme.net/shieldx/wp-content/uploads/sites/18/2024/07/SD4KJG2a.jpg]
[askit.dextheme.net/shieldx/wp-content/uploads/sites/18/2024/07/AWD2B8M.jpg]
[askit.dextheme.net/shieldx/wp-content/plugins/elementor/assets/lib/font-awesome/css/all.mindb68.css]
[askit.dextheme.net/shieldx/wp-content/plugins/elementor/assets/css/widget-heading.mindb68.css]
[askit.dextheme.net/shieldx/wp-content/plugins/elementor/assets/css/widget-divider.mindb68.css]
[askit.dextheme.net/shieldx/wp-content/plugins/elementor/assets/css/widget-text-editor.mindb68.css]
[askit.dextheme.net/shieldx/wp-content/plugins/elementor/assets/css/widget-image-box.mindb68.css]
[askit.dextheme.net/shieldx/wp-content/plugins/elementor/assets/css/widget-icon-list.mindb68.css]
[askit.dextheme.net/shieldx/wp-content/plugins/elementor/assets/css/widget-counter.mindb68.css]
[askit.dextheme.net/shieldx/wp-includes/js/mediaelement/mediaelementplayer-legacy.min1f61.css]
[askit.dextheme.net/shieldx/wp-includes/js/mediaelement/wp-mediaelement.min9704.css]
[askit.dextheme.net/shieldx/wp-content/plugins/elementor/assets/css/widget-icon-box.mindb68.css]
[askit.dextheme.net/shieldx/wp-content/plugins/elementor/assets/lib/swiper/v8/css/swiper.min94a4.css]
[askit.dextheme.net/shieldx/wp-content/plugins/elementor/assets/css/widget-spacer.mindb68.css]
[askit.dextheme.net/shieldx/wp-content/uploads/sites/18/elementor/css/post-27025d1.css]
[askit.dextheme.net/shieldx/wp-content/plugins/metform/public/assets/css/metform-ui657a.css]
[askit.dextheme.net/shieldx/wp-content/plugins/metform/public/assets/css/style657a.css]
[askit.dextheme.net/shieldx/wp-content/plugins/elementor/assets/css/widget-social-icons.mindb68.css]
[askit.dextheme.net/shieldx/wp-content/plugins/elementor/assets/css/conditionals/apple-webkit.mindb68.css]
[askit.dextheme.net/shieldx/wp-content/plugins/metform/public/assets/lib/cute-alert/cute-alert657a.js]
[askit.dextheme.net/shieldx/wp-content/themes/hello-elementor/assets/js/hello-frontend.min9b70.js]
[askit.dextheme.net/shieldx/wp-content/plugins/elementskit-lite/widgets/init/assets/js/widget-scripts7558.js]
[askit.dextheme.net/shieldx/wp-content/plugins/elementor/assets/lib/font-awesome/js/v4-shims.mindb68.js]
[askit.dextheme.net/shieldx/wp-content/plugins/elementor/assets/lib/jquery-numerator/jquery-numerator.min3958.js]
[askit.dextheme.net/shieldx/wp-includes/js/mediaelement/mediaelement-and-player.min1f61.js]
[askit.dextheme.net/shieldx/wp-includes/js/mediaelement/mediaelement-migrate.min9704.js]
[askit.dextheme.net/shieldx/wp-includes/js/mediaelement/wp-mediaelement.min9704.js]
[askit.dextheme.net/shieldx/wp-content/plugins/metform/public/assets/js/htm657a.js]
[askit.dextheme.net/shieldx/wp-includes/js/dist/vendor/react.mincb06.js]
[askit.dextheme.net/shieldx/wp-includes/js/dist/vendor/react-dom.mincb06.js]
[askit.dextheme.net/shieldx/wp-includes/js/dist/escape-html.min3a9d.js]
[askit.dextheme.net/shieldx/wp-includes/js/dist/element.min1596.js]
[askit.dextheme.net/shieldx/wp-content/plugins/elementor/assets/js/webpack.runtime.mindb68.js]
[askit.dextheme.net/shieldx/wp-includes/js/jquery/ui/core.minb37e.js]
[askit.dextheme.net/shieldx/wp-content/plugins/elementor/assets/js/frontend-modules.mindb68.js]
[askit.dextheme.net/shieldx/wp-content/plugins/elementor/assets/js/frontend.mindb68.js]
[askit.dextheme.net/shieldx/wp-content/plugins/elementskit-lite/widgets/init/assets/js/animate-circle.min7558.js]
[askit.dextheme.net/shieldx/template-kit/home/index.html]
[askit.dextheme.net/shieldx/wp-content/plugins/elementor/assets/css/frontend.mindb68.css]
[askit.dextheme.net/shieldx/wp-content/uploads/sites/18/elementor/css/post-3795add.css]
[askit.dextheme.net/shieldx/wp-content/uploads/sites/18/elementor/css/post-4065add.css]
[askit.dextheme.net/shieldx/wp-content/plugins/template-kit-export/assets/public/template-kit-export-public982a.css]
[askit.dextheme.net/shieldx/wp-content/plugins/metform/public/assets/lib/cute-alert/style657a.css]
[askit.dextheme.net/shieldx/wp-content/plugins/metform/public/assets/css/text-editor657a.css]
[askit.dextheme.net/shieldx/wp-content/themes/hello-elementor/style.min9b70.css]
[askit.dextheme.net/shieldx/wp-content/themes/hello-elementor/theme.min9b70.css]
[askit.dextheme.net/shieldx/wp-content/themes/hello-elementor/header-footer.min9b70.css]
[askit.dextheme.net/shieldx/wp-content/uploads/sites/18/elementor/css/post-35add.css]
[askit.dextheme.net/shieldx/wp-content/plugins/elementskit-lite/widgets/init/assets/js/elementor7558.js]
[askit.dextheme.net/shieldx/wp-content/uploads/sites/18/2024/07/XAAH3RAa.jpg]
[askit.dextheme.net/shieldx/wp-content/plugins/metform/public/assets/js/app657a.js]
[askit.dextheme.net/shieldx/wp-content/uploads/sites/18/2024/07/Overlay3.png]
[askit.dextheme.net/shieldx/wp-content/uploads/sites/18/2024/07/K57YQP2.jpg]
[askit.dextheme.net/shieldx/wp-content/uploads/sites/18/2024/07/86LWQZT.jpg]
[askit.dextheme.net/shieldx/wp-content/uploads/sites/18/elementor/css/post-5c475.css]
[askit.dextheme.net/shieldx/wp-content/plugins/elementskit-lite/widgets/init/assets/img/arrow.png]
[askit.dextheme.net/shieldx/wp-content/plugins/elementskit-lite/widgets/init/assets/img/sort_asc.png]
[askit.dextheme.net/shieldx/wp-content/plugins/elementskit-lite/widgets/init/assets/img/sort_desc.png]
[askit.dextheme.net/shieldx/wp-content/plugins/elementskit-lite/widgets/init/assets/img/sort_asc_disabled.png]
[askit.dextheme.net/shieldx/wp-content/plugins/elementskit-lite/widgets/init/assets/css/widget-styles7558.css]
[askit.dextheme.net/shieldx/wp-content/plugins/elementskit-lite/widgets/init/assets/css/responsive7558.css]
[askit.dextheme.net/shieldx/wp-content/plugins/elementskit-lite/modules/elementskit-icon-pack/assets/css/ekiticons7558.css]
[askit.dextheme.net/shieldx/wp-includes/js/jquery/jquery.minf43b.js]
[askit.dextheme.net/shieldx/wp-includes/js/jquery/jquery-migrate.min5589.js]
[askit.dextheme.net/shieldx/wp-content/plugins/template-kit-export/assets/public/template-kit-export-public982a.js]
[askit.dextheme.net/shieldx/wp-content/plugins/elementor/assets/lib/font-awesome/css/all.mindb68.css]
[askit.dextheme.net/shieldx/wp-content/uploads/sites/18/2024/07/HRVLA7K.jpg]
[askit.dextheme.net/shieldx/wp-content/uploads/sites/18/2024/07/MB829V8.jpg]
[askit.dextheme.net/shieldx/wp-content/plugins/elementor/assets/lib/font-awesome/css/v4-shims.mindb68.css]
[askit.dextheme.net/shieldx/wp-content/plugins/elementor/assets/css/widget-image.mindb68.css]
[askit.dextheme.net/shieldx/wp-content/plugins/elementor/assets/css/widget-heading.mindb68.css]
[askit.dextheme.net/shieldx/wp-content/plugins/elementor/assets/css/widget-divider.mindb68.css]
[askit.dextheme.net/shieldx/wp-content/plugins/elementor/assets/css/widget-text-editor.mindb68.css]
[askit.dextheme.net/shieldx/wp-content/plugins/elementor/assets/css/widget-image-box.mindb68.css]
[askit.dextheme.net/shieldx/wp-content/plugins/elementor/assets/css/widget-icon-list.mindb68.css]
[askit.dextheme.net/shieldx/wp-content/plugins/elementor/assets/css/widget-counter.mindb68.css]
[askit.dextheme.net/shieldx/wp-includes/js/mediaelement/mediaelementplayer-legacy.min1f61.css]
[askit.dextheme.net/shieldx/wp-includes/js/mediaelement/wp-mediaelement.min9704.css]
[askit.dextheme.net/shieldx/wp-content/plugins/elementor/assets/css/widget-icon-box.mindb68.css]
[askit.dextheme.net/shieldx/wp-content/plugins/elementor/assets/lib/swiper/v8/css/swiper.min94a4.css]
[askit.dextheme.net/shieldx/wp-content/plugins/elementor/assets/css/widget-spacer.mindb68.css]
[askit.dextheme.net/shieldx/wp-content/uploads/sites/18/elementor/css/post-27025d1.css]
[askit.dextheme.net/shieldx/wp-content/plugins/metform/public/assets/css/metform-ui657a.css]
[askit.dextheme.net/shieldx/wp-content/plugins/metform/public/assets/css/style657a.css]
[askit.dextheme.net/shieldx/wp-content/plugins/elementor/assets/css/widget-social-icons.mindb68.css]
[askit.dextheme.net/shieldx/wp-content/plugins/elementor/assets/css/conditionals/apple-webkit.mindb68.css]
[askit.dextheme.net/shieldx/wp-includes/js/mediaelement/mejs-controls.svg]
[askit.dextheme.net/shieldx/template-kit/home/cute-alert.js]
[askit.dextheme.net/shieldx/template-kit/home/${i}/img/${e}.svg]
[askit.dextheme.net/shieldx/wp-content/plugins/metform/public/assets/lib/cute-alert/cute-alert657a.js]
[askit.dextheme.net/shieldx/wp-content/themes/hello-elementor/assets/js/hello-frontend.min9b70.js]
[askit.dextheme.net/shieldx/wp-content/plugins/elementskit-lite/libs/framework/assets/js/frontend-script7558.js]
[askit.dextheme.net/shieldx/wp-content/plugins/elementskit-lite/widgets/init/assets/js/widget-scripts7558.js]
[askit.dextheme.net/shieldx/wp-content/plugins/elementor/assets/lib/font-awesome/js/v4-shims.mindb68.js]
[askit.dextheme.net/shieldx/wp-content/plugins/elementor/assets/lib/jquery-numerator/jquery-numerator.min3958.js]
[askit.dextheme.net/shieldx/template-kit/home/GET]
[askit.dextheme.net/shieldx/wp-includes/js/mediaelement/mediaelement-and-player.min1f61.js]
[askit.dextheme.net/shieldx/wp-includes/js/mediaelement/mediaelement-migrate.min9704.js]
[askit.dextheme.net/shieldx/wp-includes/js/mediaelement/wp-mediaelement.min9704.js]
[askit.dextheme.net/shieldx/wp-content/plugins/metform/public/assets/js/htm657a.js]
[askit.dextheme.net/shieldx/wp-includes/js/dist/vendor/react.mincb06.js]
[askit.dextheme.net/shieldx/template-kit/home/Trident/index.html]
[askit.dextheme.net/shieldx/wp-includes/js/dist/vendor/react-dom.mincb06.js]
[askit.dextheme.net/shieldx/wp-includes/js/dist/escape-html.min3a9d.js]
[askit.dextheme.net/shieldx/wp-includes/js/dist/element.min1596.js]
[askit.dextheme.net/shieldx/wp-content/plugins/metform/public/assets/js/app657a.js]
[askit.dextheme.net/shieldx/template-kit/home/$&/index.html]
[askit.dextheme.net/shieldx/template-kit/home/blots/index.html]
[askit.dextheme.net/shieldx/wp-content/plugins/elementor/assets/js/webpack.runtime.mindb68.js]
[askit.dextheme.net/shieldx/wp-content/plugins/elementor/assets/js/frontend-modules.mindb68.js]
[askit.dextheme.net/shieldx/wp-includes/js/jquery/ui/core.minb37e.js]
[askit.dextheme.net/shieldx/template-kit/home/formats/index.html]
[askit.dextheme.net/shieldx/template-kit/home/-negative.svg]
[askit.dextheme.net/shieldx/wp-content/plugins/elementor/assets/js/frontend.mindb68.js]
[askit.dextheme.net/shieldx/wp-content/plugins/elementskit-lite/widgets/init/assets/js/animate-circle.min7558.js]
[askit.dextheme.net/shieldx/wp-content/plugins/elementskit-lite/widgets/init/assets/js/elementor7558.js]
[askit.dextheme.net/shieldx/template-kit/home/OPR/index.html]
[askit.dextheme.net/shieldx/wp-content/plugins/elementor/assets/lib/font-awesome/css/v4-shims.mindb68.css]
[askit.dextheme.net/shieldx/wp-includes/js/mediaelement/mejs-controls.svg]
[askit.dextheme.net/shieldx/template-kit/home/cute-alert.html]
[askit.dextheme.net/shieldx/template-kit/home/${i}/img/${e}.html]
[askit.dextheme.net/shieldx/template-kit/home/Trident/index.html]
[askit.dextheme.net/shieldx/template-kit/home/GET.html]
[askit.dextheme.net/shieldx/template-kit/home/$&/index.html]
[askit.dextheme.net/shieldx/template-kit/home/blots/index.html]
[askit.dextheme.net/shieldx/template-kit/home/formats/index.html]
[askit.dextheme.net/shieldx/template-kit/home/-negative.html]
[askit.dextheme.net/shieldx/template-kit/home/OPR/index.html]
[askit.dextheme.net/shieldx/wp-content/uploads/sites/18/2024/07/K57YQP2.jpg]
